
[1m[46m RUN [49m[22m [36mv4.0.18 [39m[90mC:/Users/gudwn/OneDrive/臾몄꽌/buril-lab[39m

node.exe : 
위치 C:\Program Files\nodejs\n
px.ps1:29 문자:3
+   & $NODE_EXE $NPX_CLI_JS 
$args
+   ~~~~~~~~~~~~~~~~~~~~~~~~
~~~~~
    + CategoryInfo          
    : NotSpecified: (:Stri  
  ng) [], RemoteException
    + FullyQualifiedErrorId 
    : NativeCommandError
 
[31m??렞??렞??렞[39m[1m[41m
 Failed Suites 4 [49m[22m
[31m??렞??렞??렞??[39m

[41m[1m FAIL [22m[49m sr
c/__tests__/chemicalAnalyzer
.test.ts[2m [ src/__tests__
/chemicalAnalyzer.test.ts ]
[22m
[31m[1mError[22m: Failed 
to resolve import "../../uti
ls/chemicalAnalyzer" from "s
rc/__tests__/chemicalAnalyze
r.test.ts". Does the file ex
ist?[39m
  Plugin: [35mvite:import-a
nalysis[39m
  File: [36mC:/Users/gudwn/
OneDrive/臾몄꽌/buril-lab/src/_
_tests__/chemicalAnalyzer.te
st.ts[39m:2:46
[33m  1  |  import { descri
be, it, expect } from "vites
t";
  2  |  import { parseFormul
a, analyzeChemical } from ".
./../utils/chemicalAnalyzer"
;
     |                      
                           ^
  3  |  const makeChemical =
 (overrides = {}) => ({
  4  |    id: "test-id",[39
m
[90m [2m??[22m TransformPl
uginContext._formatLog ../..
/%EB%AC%B8%EC%84%9C/buril-la
b/node_modules/vite/dist/nod
e/chunks/config.js:[2m28998
:43[22m[39m
[90m [2m??[22m TransformPl
uginContext.error ../../%EB%
AC%B8%EC%84%9C/buril-lab/nod
e_modules/vite/dist/node/chu
nks/config.js:[2m28995:14[
22m[39m
[90m [2m??[22m normalizeUr
l ../../%EB%AC%B8%EC%84%9C/b
uril-lab/node_modules/vite/d
ist/node/chunks/config.js:[
2m27118:18[22m[39m
[90m [2m??[22m ../../%EB%A
C%B8%EC%84%9C/buril-lab/node
_modules/vite/dist/node/chun
ks/config.js:[2m27176:32[2
2m[39m
[90m [2m??[22m TransformPl
uginContext.transform ../../
%EB%AC%B8%EC%84%9C/buril-lab
/node_modules/vite/dist/node
/chunks/config.js:[2m27144:
4[22m[39m
[90m [2m??[22m Environment
PluginContainer.transform ..
/../%EB%AC%B8%EC%84%9C/buril
-lab/node_modules/vite/dist/
node/chunks/config.js:[2m28
796:14[22m[39m
[90m [2m??[22m loadAndTran
sform ../../%EB%AC%B8%EC%84%
9C/buril-lab/node_modules/vi
te/dist/node/chunks/config.j
s:[2m22669:26[22m[39m

[31m[2m??렞??렞??렞??렞??렞??렞?
?렞??렞??렞??렞??렞??렞[1/4]??[22m
[39m

[41m[1m FAIL [22m[49m sr
c/__tests__/compatibilityChe
cker.test.ts[2m [ src/__tes
ts__/compatibilityChecker.te
st.ts ][22m
[31m[1mError[22m: Failed 
to resolve import "../../uti
ls/compatibilityChecker" fro
m "src/__tests__/compatibili
tyChecker.test.ts". Does the
 file exist?[39m
  Plugin: [35mvite:import-a
nalysis[39m
  File: [36mC:/Users/gudwn/
OneDrive/臾몄꽌/buril-lab/src/_
_tests__/compatibilityChecke
r.test.ts[39m:2:35
[33m  1  |  import { descri
be, it, expect } from "vites
t";
  2  |  import { checkCompat
ibility } from "../../utils/
compatibilityChecker";
     |                      
                ^
  3  |  const makeChemical =
 (overrides = {}) => ({
  4  |    id: "test-id",[39
m
[90m [2m??[22m TransformPl
uginContext._formatLog ../..
/%EB%AC%B8%EC%84%9C/buril-la
b/node_modules/vite/dist/nod
e/chunks/config.js:[2m28998
:43[22m[39m
[90m [2m??[22m TransformPl
uginContext.error ../../%EB%
AC%B8%EC%84%9C/buril-lab/nod
e_modules/vite/dist/node/chu
nks/config.js:[2m28995:14[
22m[39m
[90m [2m??[22m normalizeUr
l ../../%EB%AC%B8%EC%84%9C/b
uril-lab/node_modules/vite/d
ist/node/chunks/config.js:[
2m27118:18[22m[39m
[90m [2m??[22m ../../%EB%A
C%B8%EC%84%9C/buril-lab/node
_modules/vite/dist/node/chun
ks/config.js:[2m27176:32[2
2m[39m
[90m [2m??[22m TransformPl
uginContext.transform ../../
%EB%AC%B8%EC%84%9C/buril-lab
/node_modules/vite/dist/node
/chunks/config.js:[2m27144:
4[22m[39m
[90m [2m??[22m Environment
PluginContainer.transform ..
/../%EB%AC%B8%EC%84%9C/buril
-lab/node_modules/vite/dist/
node/chunks/config.js:[2m28
796:14[22m[39m
[90m [2m??[22m loadAndTran
sform ../../%EB%AC%B8%EC%84%
9C/buril-lab/node_modules/vi
te/dist/node/chunks/config.j
s:[2m22669:26[22m[39m

[31m[2m??렞??렞??렞??렞??렞??렞?
?렞??렞??렞??렞??렞??렞[2/4]??[22m
[39m

[41m[1m FAIL [22m[49m sr
c/__tests__/mixtureLogic.tes
t.ts[2m [ src/__tests__/mix
tureLogic.test.ts ][22m
[31m[1mError[22m: Failed 
to resolve import "../../uti
ls/mixtureLogic" from "src/_
_tests__/mixtureLogic.test.t
s". Does the file exist?[39
m
  Plugin: [35mvite:import-a
nalysis[39m
  File: [36mC:/Users/gudwn/
OneDrive/臾몄꽌/buril-lab/src/_
_tests__/mixtureLogic.test.t
s[39m:2:31
[33m  1  |  import { descri
be, it, expect } from "vites
t";
  2  |  import { analyzeMixt
ure } from "../../utils/mixt
ureLogic";
     |                      
            ^
  3  |  const makeChemical =
 (overrides = {}) => ({
  4  |    id: "test-id",[39
m
[90m [2m??[22m TransformPl
uginContext._formatLog ../..
/%EB%AC%B8%EC%84%9C/buril-la
b/node_modules/vite/dist/nod
e/chunks/config.js:[2m28998
:43[22m[39m
[90m [2m??[22m TransformPl
uginContext.error ../../%EB%
AC%B8%EC%84%9C/buril-lab/nod
e_modules/vite/dist/node/chu
nks/config.js:[2m28995:14[
22m[39m
[90m [2m??[22m normalizeUr
l ../../%EB%AC%B8%EC%84%9C/b
uril-lab/node_modules/vite/d
ist/node/chunks/config.js:[
2m27118:18[22m[39m
[90m [2m??[22m ../../%EB%A
C%B8%EC%84%9C/buril-lab/node
_modules/vite/dist/node/chun
ks/config.js:[2m27176:32[2
2m[39m
[90m [2m??[22m TransformPl
uginContext.transform ../../
%EB%AC%B8%EC%84%9C/buril-lab
/node_modules/vite/dist/node
/chunks/config.js:[2m27144:
4[22m[39m
[90m [2m??[22m Environment
PluginContainer.transform ..
/../%EB%AC%B8%EC%84%9C/buril
-lab/node_modules/vite/dist/
node/chunks/config.js:[2m28
796:14[22m[39m
[90m [2m??[22m loadAndTran
sform ../../%EB%AC%B8%EC%84%
9C/buril-lab/node_modules/vi
te/dist/node/chunks/config.j
s:[2m22669:26[22m[39m

[31m[2m??렞??렞??렞??렞??렞??렞?
?렞??렞??렞??렞??렞??렞[3/4]??[22m
[39m

[41m[1m FAIL [22m[49m sr
c/__tests__/wasteDisposal.te
st.ts[2m [ src/__tests__/wa
steDisposal.test.ts ][22m
[31m[1mError[22m: Failed 
to resolve import "../../uti
ls/wasteDisposal" from "src/
__tests__/wasteDisposal.test
.ts". Does the file exist?[
39m
  Plugin: [35mvite:import-a
nalysis[39m
  File: [36mC:/Users/gudwn/
OneDrive/臾몄꽌/buril-lab/src/_
_tests__/wasteDisposal.test.
ts[39m:2:74
[33m  1  |  import { descri
be, it, expect } from "vites
t";
  2  |  import { assessSolub
ility, assessNeutralization,
 determineDisposal } from ".
./../utils/wasteDisposal";
     |                      
                            
                           ^
  3  |  const makeChemical =
 (overrides = {}) => ({
  4  |    id: "test-id",[39
m
[90m [2m??[22m TransformPl
uginContext._formatLog ../..
/%EB%AC%B8%EC%84%9C/buril-la
b/node_modules/vite/dist/nod
e/chunks/config.js:[2m28998
:43[22m[39m
[90m [2m??[22m TransformPl
uginContext.error ../../%EB%
AC%B8%EC%84%9C/buril-lab/nod
e_modules/vite/dist/node/chu
nks/config.js:[2m28995:14[
22m[39m
[90m [2m??[22m normalizeUr
l ../../%EB%AC%B8%EC%84%9C/b
uril-lab/node_modules/vite/d
ist/node/chunks/config.js:[
2m27118:18[22m[39m
[90m [2m??[22m ../../%EB%A
C%B8%EC%84%9C/buril-lab/node
_modules/vite/dist/node/chun
ks/config.js:[2m27176:32[2
2m[39m
[90m [2m??[22m TransformPl
uginContext.transform ../../
%EB%AC%B8%EC%84%9C/buril-lab
/node_modules/vite/dist/node
/chunks/config.js:[2m27144:
4[22m[39m
[90m [2m??[22m Environment
PluginContainer.transform ..
/../%EB%AC%B8%EC%84%9C/buril
-lab/node_modules/vite/dist/
node/chunks/config.js:[2m28
796:14[22m[39m
[90m [2m??[22m loadAndTran
sform ../../%EB%AC%B8%EC%84%
9C/buril-lab/node_modules/vi
te/dist/node/chunks/config.j
s:[2m22669:26[22m[39m

[31m[2m??렞??렞??렞??렞??렞??렞?
?렞??렞??렞??렞??렞??렞[4/4]??[22m
[39m


[2m Test Files [22m [1m[31m4 failed[39m[22m[90m (4)[39m
[2m      Tests [22m [2mno tests[22m
[2m   Start at [22m 02:31:22
[2m   Duration [22m 3.01s[2m (transform 369ms, setup 1.44s, import 0ms, tests 0ms, environment 8.86s)[22m

