
> temp_app@0.0.0 test:run
> vitest run


[1m[46m RUN [49m[22m [36mv4.0.18 [39m[90mC:/Users/gudwn/OneDrive/臾몄꽌/buril-lab[39m

[90mstdout[2m | src/__tests__/wasteDisposal.test.ts[2m > [22m[2massessNeutralization[2m > [22m[2m?덉쟾???뷀빀臾???true (以묓솕 ?덉슜)
[22m[39m[Neutralization Debug] Ethanol {
  stability: [32m''[39m,
  hazardStatements: [ [32m'h225: highly flammable'[39m ],
  flashPoint: [90mundefined[39m,
  boilingPoint: [90mundefined[39m
}

[90mstdout[2m | src/__tests__/wasteDisposal.test.ts[2m > [22m[2massessNeutralization[2m > [22m[2mstability??"unstable" ??false (以묓솕 湲덉?)
[22m[39m[Neutralization Debug] Unstable Compound {
  stability: [32m'unstable, may decompose violently'[39m,
  hazardStatements: [],
  flashPoint: [90mundefined[39m,
  boilingPoint: [90mundefined[39m
}

node.exe : [90mstderr
[2m | src/__tests__/was
teDisposal.test.ts[2m 
> [22m[2massessNeutra
lization[2m > [22m[2
mstability??"unstable" 
??false (以묓솕 湲덉?)
위치 C:\Program Files\nod
ejs\npm.ps1:29 문자:3
+   & $NODE_EXE $NPM_CL
I_JS $args
+   ~~~~~~~~~~~~~~~~~~~
~~~~~~~~~~
    + CategoryInfo     
         : NotSpecifi  
  ed: ([90mstderr[   
 2m...false (以묓솕 湲덉    
?):String) [], Rem    o
teException
    + FullyQualifiedEr 
   rorId : NativeComm  
  andError
 
[22m[39m[Neutralizati
on] Prohibited due to k
eyword: "unstable"

[90mstdout[2m | src/__tests__/wasteDisposal.test.ts[2m > [22m[2massessNeutralization[2m > [22m[2mstability??"explosive" ??false
[22m[39m[Neutralization Debug] Explosive Compound {
  stability: [32m'explosive when heated'[39m,
  hazardStatements: [],
  flashPoint: [90mundefined[39m,
  boilingPoint: [90mundefined[39m
}

[90mstderr[2m | src/_
_tests__/wasteDisposal.
test.ts[2m > [22m[2m
assessNeutralization[2
m > [22m[2mstability?
?"explosive" ??false
[22m[39m[Neutralizati
on] Prohibited due to k
eyword: "explosive"

[90mstdout[2m | src/__tests__/mixtureLogic.test.ts[2m > [22m[2manalyzeMixture - ?뚯뭡由?+ ?좉린臾?[2m > [22m[2m?뚯뭡由?+ ?섏슜???좉린臾???disposalDetails 諛섑솚
[22m[39m[Neutralization Debug] Acetone {
  stability: [32m''[39m,
  hazardStatements: [],
  flashPoint: [90mundefined[39m,
  boilingPoint: [90mundefined[39m
}

[90mstdout[2m | src/__tests__/wasteDisposal.test.ts[2m > [22m[2massessNeutralization[2m > [22m[2m?볥뒗??< 70째C ??false (?볦뼱?섏묠 ?꾪뿕)
[22m[39m[Neutralization Debug] Low BP Chemical {
  stability: [32m''[39m,
  hazardStatements: [],
  flashPoint: [90mundefined[39m,
  boilingPoint: [33m56[39m
}

[90mstderr[2m | src/_
_tests__/wasteDisposal.
test.ts[2m > [22m[2m
assessNeutralization[2
m > [22m[2m?볥뒗??< 70째
C ??false (?볦뼱?섏묠 ?꾪뿕)
[22m[39m[Neutralizati
on] Prohibited due to L
ow Boiling Point: 56째C

[90mstdout[2m | src/__tests__/wasteDisposal.test.ts[2m > [22m[2massessNeutralization[2m > [22m[2m?볥뒗??>= 70째C ??true
[22m[39m[Neutralization Debug] Normal BP Chemical {
  stability: [32m''[39m,
  hazardStatements: [],
  flashPoint: [90mundefined[39m,
  boilingPoint: [33m100[39m
}

[90mstdout[2m | src/__tests__/mixtureLogic.test.ts[2m > [22m[2manalyzeMixture - ?뚯뭡由?+ ?좉린臾?[2m > [22m[2m?뚯뭡由?+ 鍮꾩닔?⑹꽦 ?좉린臾???INSOLUBLE + PROHIBITED
[22m[39m[Neutralization Debug] Toluene {
  stability: [32m''[39m,
  hazardStatements: [],
  flashPoint: [90mundefined[39m,
  boilingPoint: [90mundefined[39m
}

[90mstdout[2m | src/__tests__/wasteDisposal.test.ts[2m > [22m[2massessNeutralization[2m > [22m[2mGHS ?꾪뿕 ?붿냼 2媛??댁긽 ??false
[22m[39m[Neutralization Debug] Multi-risk Chemical {
  stability: [32m''[39m,
  hazardStatements: [
    [32m'h271: may cause fire or explosion; strong oxidizer'[39m,
    [32m'h314: causes severe skin burns'[39m
  ],
  flashPoint: [90mundefined[39m,
  boilingPoint: [90mundefined[39m
}

[90mstderr[2m | src/_
_tests__/wasteDisposal.
test.ts[2m > [22m[2m
assessNeutralization[2
m > [22m[2mGHS ?꾪뿕 ?붿
냼 2媛??댁긽 ??false
[22m[39m[Neutralizati
on] Multi-risk Chemical
 Prohibited. RiskCount:
 2

[90mstdout[2m | src/__tests__/wasteDisposal.test.ts[2m > [22m[2mdetermineDisposal[2m > [22m[2mCase 1: ?섏슜??+ 以묓솕 媛????disposal_method_case1
[22m[39m[Neutralization Debug] Ethanol {
  stability: [32m''[39m,
  hazardStatements: [ [32m'h225: highly flammable'[39m ],
  flashPoint: [90mundefined[39m,
  boilingPoint: [33m78[39m
}

[90mstdout[2m | src/__tests__/wasteDisposal.test.ts[2m > [22m[2mdetermineDisposal[2m > [22m[2mCase 2: ?섏슜??+ 以묓솕 湲덉? ??disposal_method_case2
[22m[39m[Neutralization Debug] Unstable Organic {
  stability: [32m'unstable compound'[39m,
  hazardStatements: [],
  flashPoint: [90mundefined[39m,
  boilingPoint: [90mundefined[39m
}

[90mstderr[2m | src/_
_tests__/wasteDisposal.
test.ts[2m > [22m[2m
determineDisposal[2m >
 [22m[2mCase 2: ?섏슜??
+ 以묓솕 湲덉? ??disposal_me
thod_case2
[22m[39m[Neutralizati
on] Prohibited due to k
eyword: "unstable"

 [32m??[39m src/__tests__/compatibilityChecker.test.ts [2m([22m[2m10 tests[22m[2m)[22m[32m 11[2mms[22m[39m
[90mstdout[2m | src/__tests__/wasteDisposal.test.ts[2m > [22m[2mdetermineDisposal[2m > [22m[2mCase 3: 鍮꾩닔?⑹꽦 ??disposal_method_case3 (以묓솕 ?먮룞 湲덉?)
[22m[39m[Neutralization Debug] Toluene {
  stability: [32m''[39m,
  hazardStatements: [],
  flashPoint: [90mundefined[39m,
  boilingPoint: [90mundefined[39m
}

 [32m??[39m src/__tests__/wasteDisposal.test.ts [2m([22m[2m22 tests[22m[2m)[22m[32m 13[2mms[22m[39m
 [32m??[39m src/__tests__/chemicalAnalyzer.test.ts [2m([22m[2m23 tests[22m[2m)[22m[32m 8[2mms[22m[39m
 [31m??[39m src/__tests__/mixtureLogic.test.ts [2m([22m[2m13 tests[22m[2m | [22m[31m1 failed[39m[2m)[22m[32m 18[2mms[22m[39m
     [32m??[39m 鍮?諛곗뿴 ??UNKNOWN + isSafe=true[32m 2[2mms[22m[39m
     [32m??[39m ?좊줈寃??좉린臾쇰쭔 ??ORGANIC_HALOGEN[32m 1[2mms[22m[39m
     [32m??[39m 鍮꾪븷濡쒓쾺 ?좉린臾쇰쭔 ??ORGANIC_NON_HALOGEN[32m 0[2mms[22m[39m
     [32m??[39m ?곗꽦留???ACID[32m 1[2mms[22m[39m
     [32m??[39m ?뚯뭡由щ쭔 ??ALKALI[32m 0[2mms[22m[39m
     [32m??[39m ?좊줈寃?+ 鍮꾪븷濡쒓쾺 ?좉린臾???ORGANIC_HALOGEN (?좊줈寃??곗꽑)[32m 0[2mms[22m[39m
     [32m??[39m ?좊줈寃?+ ?곗꽦 ??ORGANIC_HALOGEN (?좊줈寃??곗꽑)[32m 0[2mms[22m[39m
     [32m??[39m ??+ ?뚯뭡由???UNKNOWN + isSafe=false (以묓솕 寃쎄퀬)[32m 0[2mms[22m[39m
     [32m??[39m ?좉린臾?+ ????UNKNOWN + isSafe=false (?좉린+臾닿린 ?쇳빀 寃쎄퀬)[32m 0[2mms[22m[39m
     [32m??[39m ?뚯뭡由?+ ?섏슜???좉린臾???disposalDetails 諛섑솚[32m 2[2mms[22m[39m
     [32m??[39m ?뚯뭡由?+ 鍮꾩닔?⑹꽦 ?좉린臾???INSOLUBLE + PROHIBITED[32m 1[2mms[22m[39m
[31m     [31m횞[31m ?곗꽦 2媛???ACID[39m[32m 7[2mms[22m[39m
     [32m??[39m ?좉린臾?2媛???ORGANIC_NON_HALOGEN[32m 0[2mms[22m[39m

[31m??렞??렞??렞??[39m[1
m[41m Failed Tests 1 
[49m[22m[31m??렞??렞??렞
??[39m

[41m[1m FAIL [22m[4
9m src/__tests__/mixtur
eLogic.test.ts[2m > [
22manalyzeMixture - ?숈씪
 移댄뀒怨좊━ 蹂듭닔[2m > [22m
?곗꽦 2媛???ACID
[31m[1mAssertionError
[22m: expected 'UNKNOW
N' to be 'ACID' // Obje
ct.is equality[39m

Expected: [32m"ACID"[
39m
Received: [31m"UNKNOWN
"[39m

[36m [2m??[22m src/__
tests__/mixtureLogic.te
st.ts:[2m186:33[22m[
39m
    [90m184| [39m    
        [34mmakeAcid[
39m([32m'HNO3'[39m)[
33m,[39m
    [90m185| [39m    
    ])[33m;[39m
    [90m186| [39m    
    [34mexpect[39m(re
sult[33m.[39mcategory
)[33m.[39m[34mtoBe[
39m([32m'ACID'[39m)[
33m;[39m
    [90m   | [39m    
                       
     [31m^[39m
    [90m187| [39m    
    [34mexpect[39m(re
sult[33m.[39misSafe)
[33m.[39m[34mtoBe[39
m([35mtrue[39m)[33m;
[39m
    [90m188| [39m    
})[33m;[39m

[31m[2m??렞??렞??렞??렞??
렞??렞??렞??렞??렞??렞??렞??렞[
1/1]??[22m[39m


[2m Test Files [22m [1m[31m1 failed[39m[22m[2m | [22m[1m[32m3 passed[39m[22m[90m (4)[39m
[2m      Tests [22m [1m[31m1 failed[39m[22m[2m | [22m[1m[32m67 passed[39m[22m[90m (68)[39m
[2m   Start at [22m 22:46:25
[2m   Duration [22m 2.74s[2m (transform 332ms, setup 0ms, import 429ms, tests 50ms, environment 9.25s)[22m

